This is pdfTeX, Version 3.141592653-2.6-1.40.25 (MiKTeX 24.1) (preloaded format=pdflatex 2024.11.26)  9 APR 2026 04:13
entering extended mode
 restricted \write18 enabled.
 %&-line parsing enabled.
**./main.tex
(main.tex
LaTeX2e <2023-11-01> patch level 1
L3 programming layer <2024-01-04>
(ucetd.cls
Document Class: ucetd 2022/07/07 University of Chicago Electronic Theses and Di
ssertations v1.2.0

! LaTeX Error: File `setspace.sty' not found.

Type X to quit or <RETURN> to proceed,
or enter new name. (Default extension: sty)

Enter file name: 
! Emergency stop.
<read *> 
         
l.99 \RequirePackage{setspace}[1998/04/8]
                                         ^^M 
Here is how much of TeX's memory you used:
 54 strings out of 474486
 935 string characters out of 5753569
 1924542 words of memory out of 5000000
 22436 multiletter control sequences out of 15000+600000
 558069 words of font info for 36 fonts, out of 8000000 for 9000
 1141 hyphenation exceptions out of 8191
 33i,0n,43p,126b,17s stack positions out of 10000i,1000n,20000p,200000b,200000s

!  ==> Fatal error occurred, no output PDF file produced!
